x0	DW_Using:index.htm	| Default (if no help ID found)
x3024B	DW_Using:02_expl9.htm	| Insert bar (HIDD_OBJECT_PALETTE)
x3501A	DW_Using:02_exp54.htm	| fonts/encoding preferences (HIDD_PREFS_FONTS)
x30255	DW_Using:02_exp55.htm	| general preferences (HIDD_PREFS_GENERAL)
x369A9	DW_Using:02_exp56.htm	| Highlighting preferences (HIDD_PREFS_HIGHLIGHTING)
x369B9	DW_Using:02_exp57.htm	| floating panels preferences (HIDD_PREFS_FLOATERS)
x3015D	DW_Using:02_exp58.htm	| status bar preferences (HIDD_PREFS_DOWNLOAD_STATS)
x30348	DW_Using:02_exp60.htm	| Rename Panel Group (HIDD_RENAME_HEADER)
x30349	DW_Using:02_exp62.htm	| preferences accessibility dialog
x35063	DW_Using:03_sit14.htm	| site wizard name
x369FF	DW_Using:03_sit15.htm	| site wizard file type
x35059	DW_Using:03_sit16.htm	| site wizard static pane
x36A02	DW_Using:03_sit16.htm	| site wizard dynamic pane
x3036C	DW_Using:03_sit17.htm	| site wizard testing server access
x36A00	DW_Using:03_sit21.htm	| site wizard URL prefix
x30374	DW_Using:03_sit22.htm	| site wizard remote server question1
x30371	DW_Using:03_sit22.htm	| site wizard remote server question2
x35058	DW_Using:03_sit22.htm	| site wizard remote server question3
x3505B	DW_Using:03_sit23.htm	| site wizard remote access
x3505A	DW_Using:03_sit27.htm	| site wizard check in/check out options
x3505E	DW_Using:03_sit28.htm	| site wizard summary
x302A8	DW_Using:03_sit29.htm	| local info for site (HIDD_SITE_EDIT_PP_LOCAL)
x35036	DW_Using:03_sit30.htm	| server info for site (HIDD_SITE_EDIT_PP_SERVER)
x302A7	DW_Using:03_sit37.htm	| define new site (HIDD_SITE_EDIT_SITELIST)
x3502A	DW_Using:04_docu5.htm	| new from template (HIDD_NEW_FROM_TEMPLATE) 
x3520F	DW_Using:04_doc12.htm	| new document dialog 
x30258	DW_Using:04_doc15.htm	| new document preferences
x36D77	DW_Using:05_sit21.htm	| File Compare preferences dialog 
x3038F	DW_Using:05_sit22.htm	| Rollback dialog
x50070	DW_Using:05_sit42.htm	| FTP Log panel
x50064	DW_Using:05_sit43.htm	| &quot;your filename contains high ASCII&quot; (HIDD_HIGH_ASCII_WARNING)
x5006D	DW_Using:05_sit58.htm	| Site Reports panel (HIDD_BTC_DO_CHECK)
x303C3	DW_Using:05_sit60.htm	| configure server
x301C2	DW_Using:05_sit63.htm	| site window
x30145	DW_Using:05_sit64.htm	| Site preferences (HIDD_PREFS_SITEFTP)
x302EE	DW_Using:05_sit65.htm	| File view columns (HIDD_SITE_EDIT_PP_COLUMNS)
x35037	DW_Using:05_sit67.htm	| modifying site map layout (HIDD_SITE_EDIT_PP_SITEMAP)
x35035	DW_Using:05_sit68.htm	| Site setting dialog, Check In/Check Out pane (HIDD_SITE_EDIT_PP_CHECKIN)
x302D6	DW_Using:05_sit69.htm	| site synch dialog #1 (HIDD_SYNC_DIALOG)
x35046	DW_Using:05_sit70.htm	| site synch dialog #2 (HIDD_SITE_SYNC)
x302EF	DW_Using:05_sit71.htm	| (HIDD_SITE_EDIT_PP_DESIGN_NOTES)
x30322	DW_Using:05_sit73.htm	| Cloaking Settings
x302F3	DW_Using:05_sit74.htm	| creating reports (HIDD_REPORTS_DIALOG)
x30353	DW_Using:05_sit76.htm	| Exporting Site dialog
x30139	DW_Using:06_ass16.htm	| Library category of Assets panel (HIDD_REPELEM_PANE)
x302ea	DW_Using:06_ass25.htm	| Asset panel (HIDD_ASSET_PALETTE)
x30248	DW_Using:06_ass26.htm	| library item properties (HIDD_PROP_INSPECT_REPELEM)
x3038D	DW_Using:07_con19.htm	| Contribute category of Site Definition dialog (HIDD_CC_SITE_EDIT_PP_CONTRIBUTOR)
x3015E	DW_Using:08_css12.htm	| Layers panel (HIDD_LAYERS_PALETTE)
x30143	DW_Using:08_css24.htm	| Timelines panel (HIDD_TIME_DIALOG)
x35031	DW_Using:08_css32.htm	| change object (HIDD_DIALOG_TIME_CHANGE_OBJ)
x30158	DW_Using:08_css33.htm	| rename timeline (HIDD_DIALOG_RENAME_TIMELINE)
x30291	DW_Using:08_css46.htm	| adjust tracing image position (HIDD_DIALOG_TRACING_ADJUST)
x35074	DW_Using:08_css49.htm	| Div PI 
x30256	DW_Using:08_css50.htm	| Layers preferences (HIDD_PREFS_DEFAULT_LAYER)
x30249	DW_Using:08_css51.htm	| layer properties (HIDD_PROP_INSPECT_LAYER)
x35039	DW_Using:08_css52.htm	| multiple-layers properties (HIDD_PROP_INSPECT_MULT_LAYERS)
x3502E	DW_Using:08_css53.htm	| convert layers to tables (HIDD_CONVERT_LAYERS_TO_TABLES)
x3502F	DW_Using:08_css54.htm	| reposition content using layers (HIDD_CONVERT_TABLES_TO_LAYERS)
x301C6	DW_Using:08_css55.htm	| grid settings (HIDD_TITANGRIDS)
x30124	DW_Using:09_tab30.htm	| table properties (HIDD_PROP_INSPECT_TABLE)
x35032	DW_Using:09_tab31.htm	| table cell properties, in expando portion (HIDD_PROP_INSPECT_TABLECELL)
x300F8	DW_Using:09_tab33.htm	| insert rows/columns (HIDD_DIALOG_INSERT_ROWS_COLUMNS)
x300F9	DW_Using:09_tab34.htm	| split cells dialog (same underlying dialog as 300F8, different help ID)
x3026C	DW_Using:10_lay25.htm	| Layout cell property inspector (HIDD_PROP_INSPECT_LAYOUTBOX)
x3026B	DW_Using:10_lay26.htm	| Layout table property inspector (HIDD_PROP_INSPECT_LAYOUTGROUP)
x3504F	DW_Using:10_lay27.htm	| Spacer image dialog (HIDD_SPACER_IMAGE_PROMPT_DIALOG)
x3504A	DW_Using:10_lay28.htm	| Layout mode preferences (HIDD_PREFS_LAYOUT_MODE)
x3024A	DW_Using:11_fra11.htm	| Frame panel (HIDD_FRAMES_PALETTE)
x3024C	DW_Using:11_fra21.htm	| frame properties (HIDD_PROP_INSPECT_FRAME)
x301A5	DW_Using:11_fra22.htm	| frameset properties (HIDD_PROP_INSPECT_FRAMESET)
x50066	DW_Using:12_tem25.htm	| new/mark editable region, currently editable regions (HIDD_NEW_EDITABLE_REGION)
x30290	DW_Using:12_tem27.htm	| remove editable region (HIDD_REMOVE_EDITABLE_REGION)
x35030	DW_Using:12_tem55.htm	| save as template (HIDD_SAVE_AS_TEMPLATE) 
x302A9	DW_Using:12_tem60.htm	| orphaned editable regions (HIDD_EDITABLE_REGION_ORPHANS)
x35041	DW_Using:12_tem62.htm	| Templates category of Assets panel (HIDD_TEMPLATE_PANE) 
x30153	DW_Using:12_tem63.htm	| lib/template update site (HIDD_UPDATE_SITE)
x3028F	DW_Using:12_tem64.htm	| export editable regions as XML (HIDD_EXPORT_EDITABLE_AS_XML)
x35044	DW_Using:13_pag18.htm	| History panel (HIDD_HISTORY_PALETTE)
x31F41	DW_Using:13_pag24.htm	| History panel: save as command (HIDD_HISTORY_DIALOG_SAVE_COMMAND)
x31F54	DW_Using:13_pag24.htm	| edit-commands-list command (HIDD_COMMAND_EDITCOMMANDS)
x3020D	DW_Using:13_pag33.htm	| Document Type Page Properties dialog
x3020C	DW_Using:13_pag34.htm	| General Page Properties panel
x36D7A	DW_Using:13_pag35.htm	| HTML Appearance Page Properties panel
x36D7C	DW_Using:13_pag36.htm	| CSS Appearance Page Properties panel
x36D78	DW_Using:13_pag37.htm	| CSS Links Page Properties
x36D79	DW_Using:13_pag38.htm	| CSS Headings panel
x36D7B	DW_Using:13_pag39.htm	| Tracing Image panel
x30237	DW_Using:13_pag40.htm	| invisible elements preferences (HIDD_PREFS_INVISIBLES)
x302CF	DW_Using:13_pag41.htm	| preview in browser preferences (HIDD_PREFS_PREVIEW_BROWSERS)
x30260	DW_Using:14_tex23.htm	| hr inspector (HIDD_PROP_INSPECT_HR)
x3011C	DW_Using:14_tex28.htm	| edit font list (HIDD_DIALOG_FONTMENU)
x30119	DW_Using:14_tex34.htm	| CSS Styles panel (HIDD_STYLE_PALETTE)
x30240	DW_Using:14_tex35.htm	| new style (HIDD_STYLE_NAME_DIALOG)
x30394	DW_Using:14_tex39.htm	| attach style sheet dialog
x3023F	DW_Using:14_tex47.htm	| text (HIDD_PROP_INSPECT_TEXT)
x35033	DW_Using:14_tex47.htm	| expanded area containing &quot;list items&quot; button (HIDD_PROP_INSPECT_TARGET)
x3021F	DW_Using:14_tex48.htm	| list properties (HIDD_TAG_PP_LIST_GENERAL)
x30142	DW_Using:14_tex49.htm	| style sheet format preferences (HIDD_PREFS_STYLESHEETS)
x30241	DW_Using:14_tex50.htm	| style definition for type (HIDD_STYLE_PP_TYPE)
x30242	DW_Using:14_tex51.htm	| style definition for background (HIDD_STYLE_PP_BACKGROUND)
x30243	DW_Using:14_tex52.htm	| style definition for block (HIDD_STYLE_PP_BLOCK)
x30245	DW_Using:14_tex53.htm	| style definition for box (HIDD_STYLE_PP_BOX)
x30244	DW_Using:14_tex54.htm	| style definition for border (HIDD_STYLE_PP_BORDER)
x30246	DW_Using:14_tex55.htm	| style definition for list (HIDD_STYLE_PP_LIST)
x302D0	DW_Using:14_tex56.htm	| style definition for positioning (HIDD_STYLE_PP_POSITIONING)
x302D1	DW_Using:14_tex57.htm	| style definition for extensions (HIDD_STYLE_PP_EXTENSIONS)
x3023E	DW_Using:14_tex58.htm	| link external style sheet (HIDD_STYLE_ADD_IMPORT_DIALOG)
x30205	DW_Using:14_tex59.htm	| check spelling (HIDD_SPELLING)
x3502D	DW_Using:14_tex60.htm	| find/replace (HIDD_FIND_REPLACE)
x3032D	DW_Using:14_tex63.htm	| Search panel in Results panel group (HIDD_FINDRESULTS_PALETEE)
x303D0	DW_Using:14_tex64.htm	| IDD_DIALOG_PASTE_SPECIAL 
x36D74	DW_Using:14_tex65.htm	| Preferences dialog
x303C9	DW_Using:14_tex67.htm	| Rename Class dialog 
x30230	DW_Using:15_ima16.htm	| image properties (HIDD_PROP_INSPECT_IMAGE)
x303F8	DW_Using:15_ima18.htm	| Image Description dialog Single
x303FA	DW_Using:15_ima18.htm	| Image Description dialog Multiple
x5006B	DW_Using:15_ima20.htm	| HIDD_PROP_INSPECT_IMAGE_PLACEHOLDER
x35208	DW_Using:15_ima23.htm	| IDD_BRIGHTNESS_CONTRAST
x36D7E	DW_Using:15_ima24.htm	| IDD_SHARPEN
x3503A	DW_Using:16_lin17.htm	| link mgmt: update files (HIDD_SITE_UPDATE_DIALOG)
x35022	DW_Using:16_lin23.htm	| link checker (HIDD_LINK_CHECKER)
x3010D	DW_Using:16_lin27.htm	| named anchor (HIDD_PROP_INSPECT_ANCHOR)
x3503B	DW_Using:16_lin30.htm	| change link sitewide (HIDD_SITE_CHANGE_LINK_DIALOG)
x30231	DW_Using:16_lin33.htm	| image map properties (HIDD_PROP_INSPECT_IMAGEMAP)
x50068	DW_Using:17_othe6.htm	| Fireworks image PI (HIDD_PROP_INSPECT_IMAGE_FW)
x50069	DW_Using:17_othe6.htm	| Fireworks table PI (HIDD_PROP_INSPECT_TABLE_FW)
x5006A	DW_Using:18_med37.htm	| Flash object Property inspector (HIDD_PROP_INSPECT_FLASH_OBJ)
x30159	DW_Using:18_med38.htm	| parameters from prop insp. (HIDD_DIALOG_PARAMETERS)
x3026A	DW_Using:18_med40.htm	| Shockwave properties (HIDD_PROP_INSPECT_SHOCKWAVE)
x50067	DW_Using:18_med40.htm	| Flash movie Property inspector (HIDD_PROP_INSPECT_FLASH)
x30109	DW_Using:18_med41.htm	| Netscape plugin properties (HIDD_PROP_INSPECT_EMBED)
x30107	DW_Using:18_med42.htm	| ActiveX properties (HIDD_PROP_INSPECT_ACTIVEX)
x3010B	DW_Using:18_med43.htm	| Java applet properties (HIDD_PROP_INSPECT_APPLET)
x36d76	DW_Using:18_med46.htm	| Flash component inspector
x303cc	DW_Using:18_med47.htm	| Flash element edit array dialog box
x36d70	DW_Using:19_jsb41.htm	| Behaviors panel (HIDD_BEHAVIOR_PALETTE)
x30311	DW_Using:21_cod31.htm	| Tag Library editor (IDD_TAG_LIBRARY_EDITOR)
x30262	DW_Using:21_cod32.htm	| HTML format preferences (HIDD_PREFS_SOURCE_FORMAT)
x35062	DW_Using:21_cod33.htm	| Code Hints preferences category (IDD_PREFS_CODE_HINTS)
x3023B	DW_Using:21_cod34.htm	| HTML rewriting preferences (HIDD_PREFS_HTML)
x35027	DW_Using:21_cod35.htm	| HTML Colors preferences (HIDD_PREFS_HTML_TAG_COLORS)
x30323	DW_Using:21_cod35.htm	| Edit Syntax Scheme dialog (IDD_SYNTAX_SCHEME)
x30315	DW_Using:21_cod36.htm	| Validator preferences category (IDD_PREFS_VALIDATOR)
x3019A	DW_Using:21_cod36.htm	| Validator Options dialog (IDD_VALIDATOR_POPUP)
x35021	DW_Using:21_cod42.htm	| External Editors preferences (HIDD_PREFS_HELPER_APPS)
x3018D	DW_Using:21_cod43.htm	| Code inspector
x30247	DW_Using:22_codi4.htm	| invalid markup (HIDD_PROP_INSPECT_INVALID_MARKUP)
x35061	DW_Using:22_cod12.htm	| Snippets panel
x3030A	DW_Using:22_cod29.htm	| Reference panel (HIDD_REFERENCE_PALETTE)
x3031E	DW_Using:22_cod32.htm	| Snippet dialog box
x30261	DW_Using:22_cod34.htm	| comment properties (HIDD_PROP_INSPECT_COMMENT)
x30317	DW_Using:22_cod35.htm	| Tag Chooser
x5006F	DW_Using:23_codi4.htm	| Target Browser Check panel (HIDD_BTC_DO_CHECK)
x301c1	DW_Using:23_codi4.htm	| Target Browser Check dialog
x5006E	DW_Using:23_codi5.htm	| Validation panel in Results panel group
x30330	DW_Using:23_codi7.htm	| Server Debug panel
x303c2	DW_Using:24_codi3.htm	| Properties (Attributes) tab of SI (TI) (HIDD_SI_VIEW_PROPERTIES)
x3022A	DW_Using:24_cod22.htm	| script properties (HIDD_DIALOG_WIDGET_SCRIPT)
x3025F	DW_Using:24_cod23.htm	| script properties (HIDD_PROP_INSPECT_SCRIPT)
x3502B	DW_Using:24_cod25.htm	| ColdFusion properties (HIDD_PROP_INSPECT_CFML)
x3035F	DW_Using:25_weba2.htm	| Choose Document Type dialog
x3697A	DW_Using:25_web18.htm	| Testing Server Info (HIDD_SITE_EDIT_PP_DYNAMIC) 
x369C8	DW_Using:28_con18.htm	| (HIDD_EDIT_CONNECTIONLIST) 
x36978	DW_Using:32_dyna4.htm	| Live Data window? (HIDD_PREVIEW_PANE) 
x369BF	DW_Using:32_dyn12.htm	| Bindings panel (HIDD_DATASOURCES_PALETTE) 
x369FE	DW_Using:32_dyn12.htm	| RDS login dialog when Advanced Security turned on
x36A18	DW_Using:32_dyn12.htm	| XML Bindings panel
x369AF	DW_Using:32_dyn13.htm	| Server Behaviors panel (HIDD_ACTION_PALETTE)
x36A0A	DW_Using:32_dyn14.htm	| Databases panel (HIDD_DATABASE_PALETTE) 
x36A06	DW_Using:32_dyn15.htm	| Components panel (HIDD_COMPONENT_PALETTE) 
x36979	DW_Using:32_dyn16.htm	| Live Data Settings (HIDD_PREVIEWSETTINGS_DIALOG)
x369CC	DW_Using:32_dyn17.htm	| Restrict (HIDD_EDIT_CONNECTION_SCHEMA_CATALOG)
x302D7	DW_Using:36_addi8.htm	| (HIDD_DIALOG_PARAMETER_SELECT)
x369B7	DW_Using:36_add14.htm	| (HIDD_PROP_INSPECT_LISTVIEW) 
x369AC	DW_Using:36_add14.htm	| (HIDD_DYNAMICDATA_DIALOG) 
x369C0	DW_Using:36_add14.htm	| (HIDD_DYNAMICDATA_VIEW) 
x369C2	DW_Using:36_add14.htm	| (HIDD_VELCRO_IBANYURL_URL_FILE_DIALOG) 
x369C7	DW_Using:37_dis28.htm	| Edit Format List (HIDD_EDIT_FORMAT_LIST)
x36a18	DW_Using:38_xml9.htm	| XLST Bindings panel
x36d80	DW_Using:38_xml26.htm	
x303DB	DW_Using:38_xml29.htm	| Locate XML Source
x36A17	DW_Using:38_xml31.htm	| Expression Builder - Dynamic Text dialog
x36A1B	DW_Using:38_xml32.htm	| XPath Expression Builder - Repeat Region dialog
x36A01	DW_Using:39_usi14.htm	| IDD_WEBSERVICE_CHOOSER
x36A04	DW_Using:39_usi15.htm	| IDD_EDIT_PROXY_GENERATORS + 
x36A05	DW_Using:39_usi18.htm	| NEW UDDI SITE
x36A03	DW_Using:39_usi18.htm	| UDDI SITES DIALOG
x369F5	DW_Using:40_usi19.htm	| New Server Behavior (IDD_SBE_LSTADD)
x369F7	DW_Using:40_usi20.htm	| Server Behavior Builder (IDD_SBE)
x369F9	DW_Using:40_usi21.htm	| Insert Parameter in Code Block (IDD_SBE_MKPARAM)
x369F8	DW_Using:40_usi22.htm	| Create a New Code Block (IDD_SBE_NEW_PARTICIPANT)
x369FA	DW_Using:40_usi23.htm	| Generate Server Behavior Dialog (IDD_SBE_GENERATE_HTML)
x369F4	DW_Using:40_usi24.htm	| Edit Server Behaviors (IDD_SBE_LST)
x3011E	DW_Using:41_for27.htm	| form properties (HIDD_PROP_INSPECT_FORM)
x30122	DW_Using:41_for28.htm	| text field properties (HIDD_PROP_INSPECT_FORM_TEXTFIELD)
x30120	DW_Using:41_for29.htm	| checkbox properties (HIDD_PROP_INSPECT_FORM_CHECKBOX)
x30121	DW_Using:41_for30.htm	| HIDD_PROP_INSPECT_FORM_RADIOBUTTON
x30123	DW_Using:41_for31.htm	| list/menu properties (HIDD_PROP_INSPECT_FORM_LIST)
x3011F	DW_Using:41_for32.htm	| button properties (HIDD_PROP_INSPECT_FORM_BUTTON)
x35026	DW_Using:41_for33.htm	| HIDD_PROP_INSPECT_FORM_IMAGE
x35025	DW_Using:41_for34.htm	| hidden field properties (HIDD_PROP_INSPECT_FORM_HIDDEN)
x35023	DW_Using:41_for35.htm	| file field properties (HIDD_PROP_INSPECT_FORM_FILE)
x35024	DW_Using:41_for36.htm	| generic form field properties (HIDD_PROP_INSPECT_FORM_GENERIC)
x3024D	DW_Using:41_for44.htm	| list values for list/menu (HIDD_DIALOG_LIST_VALUES)

x50071	DW_Extending:02_cus15.htm	| preference > new document: 'document type xml file' link